\BOOKMARK [-1][-]{part.1}{\376\377\173\054\116\000\220\350\122\006\000\040\147\072\126\150\133\146\116\140\166\204\127\372\147\054\213\355\212\000\116\016\133\214\145\164\155\101\172\013}{}% 1
\BOOKMARK [0][-]{chapter.1}{\376\377\145\160\133\146\116\016\151\202\163\207\230\204\131\007\167\345\213\306}{part.1}% 2
\BOOKMARK [1][-]{section.1.1}{\376\377\116\072\116\300\116\110\227\000\211\201\145\160\133\146\213\355\212\000}{chapter.1}% 3
\BOOKMARK [1][-]{section.1.2}{\376\377\124\021\221\317\060\001\167\351\226\065\116\016\121\340\117\125}{chapter.1}% 4
\BOOKMARK [1][-]{section.1.3}{\376\377\137\256\171\357\122\006\116\016\224\376\137\017\154\325\122\031}{chapter.1}% 5
\BOOKMARK [1][-]{section.1.4}{\376\377\151\202\163\207\060\001\147\141\116\366\151\202\163\207\116\016\147\037\147\033}{chapter.1}% 6
\BOOKMARK [1][-]{section.1.5}{\376\377\232\330\145\257\122\006\136\003\116\016\147\000\131\047\161\265}{chapter.1}% 7
\BOOKMARK [1][-]{section.1.6}{\376\377\161\265\060\001\116\244\123\311\161\265\116\016\000\040\000K\000L\000\040\145\143\136\246}{chapter.1}% 8
\BOOKMARK [1][-]{section.1.7}{\376\377\116\316\121\340\117\125\215\335\171\273\122\060\151\202\163\207\215\335\171\273}{chapter.1}% 9
\BOOKMARK [1][-]{section.1.8}{\376\377\162\171\137\201\120\074\060\001\116\073\145\271\124\021\116\016\226\115\176\364}{chapter.1}% 10
\BOOKMARK [1][-]{section.1.9}{\376\377\137\256\122\006\060\001\171\357\122\006\116\016\147\037\147\033\166\204\133\371\136\224}{chapter.1}% 11
\BOOKMARK [1][-]{section.1.10}{\376\377\145\160\120\074\172\063\133\232\140\047}{chapter.1}% 12
\BOOKMARK [1][-]{section.1.11}{\376\377\147\054\172\340\134\017\176\323\377\032\167\013\122\060\121\154\137\017\145\366\225\356\116\300\116\110}{chapter.1}% 13
\BOOKMARK [0][-]{chapter.2}{\376\377\147\072\126\150\133\146\116\140\172\166\172\337\127\050\133\146\116\140\116\300\116\110}{part.1}% 14
\BOOKMARK [1][-]{section.2.1}{\376\377\133\146\116\140\133\371\214\141\377\032\145\160\143\156\060\001\116\373\122\241\116\016\152\041\127\213}{chapter.2}% 15
\BOOKMARK [1][-]{section.2.2}{\376\377\213\255\176\303\166\356\150\007\377\032\116\316\230\204\155\113\122\060\123\357\117\030\123\026\225\356\230\230}{chapter.2}% 16
\BOOKMARK [1][-]{section.2.3}{\376\377\213\255\176\303\166\356\150\007\116\016\176\323\147\204\176\246\147\137}{chapter.2}% 17
\BOOKMARK [1][-]{section.2.4}{\376\377\147\054\172\340\134\017\176\323\377\032\133\146\116\140\166\204\133\371\214\141\165\061\211\304\122\031\121\263\133\232}{chapter.2}% 18
\BOOKMARK [0][-]{chapter.3}{\376\377\176\277\140\047\152\041\127\213\116\016\176\317\121\170\133\146\116\140\173\227\154\325}{part.1}% 19
\BOOKMARK [1][-]{section.3.1}{\376\377\176\277\140\047\126\336\137\122\116\016\153\143\122\031\123\026\377\032\116\316\121\340\117\125\122\060\172\063\133\232\140\047}{chapter.3}% 20
\BOOKMARK [1][-]{section.3.2}{\376\377\122\006\174\173\152\041\127\213\116\016\116\343\116\367\145\117\141\037\121\263\173\126}{chapter.3}% 21
\BOOKMARK [1][-]{section.3.3}{\376\377\227\136\176\277\140\047\152\041\127\213\116\016\145\340\166\321\167\143\176\323\147\204}{chapter.3}% 22
\BOOKMARK [1][-]{section.3.4}{\376\377\135\345\116\032\127\372\176\277\377\032\116\316\123\357\211\343\221\312\152\041\127\213\122\060\131\015\147\102\152\041\127\213}{chapter.3}% 23
\BOOKMARK [0][-]{chapter.4}{\376\377\116\316\145\160\143\156\122\060\143\250\164\006\166\204\133\214\145\164\155\101\172\013}{part.1}% 24
\BOOKMARK [1][-]{section.4.1}{\376\377\145\160\143\156\122\022\122\006\116\016\145\160\143\156\154\273\164\006}{chapter.4}% 25
\BOOKMARK [1][-]{section.4.2}{\376\377\213\255\176\303\060\001\213\304\116\367\060\001\220\350\177\162\116\016\123\315\231\210}{chapter.4}% 26
\BOOKMARK [0][-]{chapter.5}{\376\377\117\030\123\026\173\227\154\325\116\016\171\136\176\317\177\121\176\334\213\255\176\303}{part.1}% 27
\BOOKMARK [1][-]{section.5.1}{\376\377\166\356\150\007\060\001\150\257\136\246\116\016\123\302\145\160\146\364\145\260}{chapter.5}% 28
\BOOKMARK [1][-]{section.5.2}{\376\377\134\072\136\246\060\001\117\341\123\367\117\040\144\255\116\016\153\143\122\031\123\026}{chapter.5}% 29
\BOOKMARK [1][-]{section.5.3}{\376\377\213\255\176\303\213\312\145\255\116\016\133\236\232\214\211\343\221\312}{chapter.5}% 30
\BOOKMARK [1][-]{section.5.4}{\376\377\123\357\131\015\163\260\213\255\176\303\213\276\177\156}{chapter.5}% 31
\BOOKMARK [1][-]{section.5.5}{\376\377\147\054\172\340\134\017\176\323}{chapter.5}% 32
\BOOKMARK [0][-]{chapter.6}{\376\377\154\333\123\026\060\001\120\117\135\356\116\016\116\015\170\156\133\232\140\047}{part.1}% 33
\BOOKMARK [1][-]{section.6.1}{\376\377\176\317\232\214\230\316\226\151\116\016\167\037\133\236\230\316\226\151}{chapter.6}% 34
\BOOKMARK [1][-]{section.6.2}{\376\377\154\333\123\026\213\357\135\356\060\001\153\143\122\031\123\026\116\016\122\006\136\003\120\117\171\373}{chapter.6}% 35
\BOOKMARK [1][-]{section.6.3}{\376\377\147\054\172\340\134\017\176\323\377\032\116\316\213\357\135\356\211\343\221\312\215\160\124\021\213\301\143\156\176\246\147\137}{chapter.6}% 36
\BOOKMARK [0][-]{chapter.7}{\376\377\176\337\213\241\133\146\116\140\164\006\213\272\116\016\152\041\127\213\220\011\142\351}{part.1}% 37
\BOOKMARK [1][-]{section.7.1}{\376\377\120\107\213\276\172\172\225\364\116\016\154\333\123\026\176\246\147\137}{chapter.7}% 38
\BOOKMARK [1][-]{section.7.2}{\376\377\152\041\127\213\220\011\142\351\060\001\150\041\121\306\116\016\116\015\136\163\210\141}{chapter.7}% 39
\BOOKMARK [1][-]{section.7.3}{\376\377\116\316\176\337\213\241\176\323\213\272\122\060\133\236\232\214\213\276\177\156}{chapter.7}% 40
\BOOKMARK [1][-]{section.7.4}{\376\377\116\316\176\337\213\241\221\317\122\060\121\263\173\126}{chapter.7}% 41
\BOOKMARK [1][-]{section.7.5}{\376\377\147\054\172\340\134\017\176\323}{chapter.7}% 42
\BOOKMARK [0][-]{chapter.8}{\376\377\135\345\116\032\145\160\143\156\135\345\172\013\116\016\133\236\232\214\213\276\213\241}{part.1}% 43
\BOOKMARK [1][-]{section.8.1}{\376\377\116\316\123\237\131\313\213\260\137\125\122\060\123\357\133\146\116\140\150\067\147\054}{chapter.8}% 44
\BOOKMARK [1][-]{section.8.2}{\376\377\116\316\145\160\143\156\131\004\164\006\122\060\123\357\117\341\133\236\232\214}{chapter.8}% 45
\BOOKMARK [1][-]{section.8.3}{\376\377\116\316\171\273\176\277\213\301\143\156\122\060\127\050\176\277\174\373\176\337}{chapter.8}% 46
\BOOKMARK [1][-]{section.8.4}{\376\377\150\110\117\213\122\006\147\220\377\032\122\151\117\131\133\377\124\175\230\204\155\113}{chapter.8}% 47
\BOOKMARK [1][-]{section.8.5}{\376\377\145\160\143\156\145\366\136\217\060\001\177\072\131\061\116\016\147\145\156\220\213\260\137\125\166\204\155\361\121\145\122\006\147\220}{chapter.8}% 48
\BOOKMARK [1][-]{section.8.6}{\376\377\133\236\232\214\137\122\126\340\116\016\220\350\177\162\123\315\231\210}{chapter.8}% 49
\BOOKMARK [-1][-]{part.2}{\376\377\173\054\116\214\220\350\122\006\000\040\215\035\123\366\145\257\147\072\126\150\133\146\116\140\377\032\165\050\151\202\163\207\210\150\217\276\167\345\213\306\116\016\116\015\170\156\133\232\140\047}{}% 50
\BOOKMARK [0][-]{chapter.9}{\376\377\215\035\123\366\145\257\147\072\126\150\133\146\116\140}{part.2}% 51
\BOOKMARK [1][-]{section.9.1}{\376\377\215\035\123\366\145\257\146\364\145\260\116\016\124\016\232\214\230\204\155\113}{chapter.9}% 52
\BOOKMARK [1][-]{section.9.2}{\376\377\151\202\163\207\126\376\152\041\127\213\377\032\116\316\117\235\215\126\121\163\174\373\122\060\122\006\136\003\122\006\211\343}{chapter.9}% 53
\BOOKMARK [1][-]{section.9.3}{\376\377\226\220\232\154\134\024\171\321\131\053\152\041\127\213\116\016\162\266\140\001\143\250\145\255}{chapter.9}% 54
\BOOKMARK [1][-]{section.9.4}{\376\377\116\316\134\100\220\350\147\141\116\366\152\041\127\213\122\060\147\141\116\366\226\217\147\072\127\072}{chapter.9}% 55
\BOOKMARK [1][-]{section.9.5}{\376\377\232\154\134\024\171\321\131\053\226\217\147\072\127\072\116\016\172\172\225\364\116\000\201\364\140\047}{chapter.9}% 56
\BOOKMARK [1][-]{section.9.6}{\376\377\116\316\121\161\217\155\152\041\127\213\122\060\217\321\117\074\143\250\145\255}{chapter.9}% 57
\BOOKMARK [1][-]{section.9.7}{\376\377\152\041\127\213\153\324\217\203\116\016\116\015\170\156\133\232\140\047\213\241\173\227}{chapter.9}% 58
\BOOKMARK [1][-]{section.9.8}{\376\377\150\041\121\306\060\001\213\312\145\255\116\016\135\345\116\032\121\263\173\126}{chapter.9}% 59
\BOOKMARK [0][-]{chapter.10}{\376\377\123\302\145\160\123\026\116\016\227\136\123\302\145\160\123\026\152\041\127\213}{part.2}% 60
\BOOKMARK [1][-]{section.10.1}{\376\377\116\044\116\052\151\202\137\365}{chapter.10}% 61
\BOOKMARK [1][-]{section.10.2}{\376\377\150\070\145\271\154\325\060\001\121\375\145\160\172\172\225\364\116\016\213\241\173\227\217\271\165\114}{chapter.10}% 62
\BOOKMARK [-1][-]{part.3}{\376\377\173\054\116\011\220\350\122\006\000\040\155\361\136\246\133\146\116\140\152\041\127\213}{}% 63
\BOOKMARK [0][-]{chapter.11}{\376\377\136\217\122\027\136\372\152\041\152\041\127\213}{part.3}% 64
\BOOKMARK [1][-]{section.11.1}{\376\377\136\217\122\027\116\016\162\266\140\001}{chapter.11}% 65
\BOOKMARK [1][-]{section.11.2}{\376\377\154\350\141\017\122\233\060\001\000T\000r\000a\000n\000s\000f\000o\000r\000m\000e\000r\000\040\116\016\225\177\117\235\215\126}{chapter.11}% 66
\BOOKMARK [1][-]{section.11.3}{\376\377\145\366\225\364\136\217\122\027\230\204\155\113\116\016\162\266\140\001\117\060\213\241}{chapter.11}% 67
\BOOKMARK [1][-]{section.11.4}{\376\377\213\255\176\303\060\001\230\204\155\113\116\016\135\345\116\032\124\112\213\146}{chapter.11}% 68
\BOOKMARK [0][-]{chapter.12}{\376\377\211\306\211\311\152\041\127\213}{part.3}% 69
\BOOKMARK [1][-]{section.12.1}{\376\377\211\306\211\311\210\150\171\072\377\032\116\316\123\167\171\357\232\250\136\162\122\060\211\306\211\311\000\040\000T\000r\000a\000n\000s\000f\000o\000r\000m\000e\000r}{chapter.12}% 70
\BOOKMARK [1][-]{section.12.2}{\376\377\172\172\225\364\217\223\121\372\377\032\150\300\155\113\060\001\122\006\122\162\116\016\131\032\134\072\136\246\162\171\137\201}{chapter.12}% 71
\BOOKMARK [1][-]{section.12.3}{\376\377\230\204\213\255\176\303\060\001\215\350\127\337\154\333\123\026\116\016\135\345\116\032\232\214\145\066}{chapter.12}% 72
\BOOKMARK [1][-]{section.12.4}{\376\377\145\160\143\156\123\315\231\210\116\016\220\350\177\162\121\263\173\126}{chapter.12}% 73
\BOOKMARK [0][-]{chapter.13}{\376\377\213\355\212\000\131\047\152\041\127\213}{part.3}% 74
\BOOKMARK [1][-]{section.13.1}{\376\377\000T\000o\000k\000e\000n\060\001\210\150\171\072\116\016\213\355\212\000\136\372\152\041}{chapter.13}% 75
\BOOKMARK [1][-]{section.13.2}{\376\377\230\204\213\255\176\303\060\001\133\371\237\120\116\016\143\250\164\006}{chapter.13}% 76
\BOOKMARK [1][-]{section.13.3}{\376\377\150\300\175\042\060\001\135\345\121\167\116\016\133\211\121\150\217\271\165\114}{chapter.13}% 77
\BOOKMARK [0][-]{chapter.14}{\376\377\131\032\152\041\140\001\152\041\127\213}{part.3}% 78
\BOOKMARK [1][-]{section.14.1}{\376\377\116\015\124\014\152\041\140\001\166\204\121\161\124\014\172\172\225\364}{chapter.14}% 79
\BOOKMARK [1][-]{section.14.2}{\376\377\145\366\225\364\133\371\237\120\060\001\177\072\131\061\234\201\150\322\140\047\116\016\135\345\116\032\213\312\145\255}{chapter.14}% 80
\BOOKMARK [0][-]{chapter.15}{\376\377\155\361\136\246\165\037\142\020\152\041\127\213}{part.3}% 81
\BOOKMARK [1][-]{section.15.1}{\376\377\165\037\142\020\136\372\152\041\166\204\166\356\150\007}{chapter.15}% 82
\BOOKMARK [1][-]{section.15.2}{\376\377\133\371\142\227\133\146\116\140\116\016\123\357\220\006\133\306\136\246\136\372\152\041}{chapter.15}% 83
\BOOKMARK [1][-]{section.15.3}{\376\377\142\151\145\143\217\307\172\013\116\016\147\141\116\366\143\247\122\066}{chapter.15}% 84
\BOOKMARK [1][-]{section.15.4}{\376\377\221\307\150\067\060\001\176\246\147\137\116\016\135\345\116\032\123\357\117\341\136\246}{chapter.15}% 85
\BOOKMARK [0][-]{chapter.16}{\376\377\162\151\164\006\117\341\140\157\171\136\176\317\177\121\176\334\377\032\116\316\172\000\165\217\211\302\155\113\221\315\136\372\230\316\127\072}{part.3}% 86
\BOOKMARK [1][-]{section.16.1}{\376\377\116\316\121\375\145\160\142\337\124\010\122\060\123\327\176\246\147\137\220\006\225\356\230\230}{chapter.16}% 87
\BOOKMARK [1][-]{section.16.2}{\376\377\157\300\121\111\226\367\217\276\133\236\226\105\211\302\155\113\116\206\116\300\116\110}{chapter.16}% 88
\BOOKMARK [1][-]{section.16.3}{\376\377\230\316\127\072\145\271\172\013\060\001\134\072\136\246\116\016\162\151\164\006\120\107\213\276}{chapter.16}% 89
\BOOKMARK [1][-]{section.16.4}{\376\377\177\121\176\334\060\001\143\137\131\061\116\016\213\255\176\303\217\307\172\013}{chapter.16}% 90
\BOOKMARK [1][-]{section.16.5}{\376\377\116\073\211\201\123\330\117\123\123\312\121\166\220\002\165\050\147\141\116\366}{chapter.16}% 91
\BOOKMARK [1][-]{section.16.6}{\376\377\230\316\165\065\127\072\150\110\117\213\166\204\232\214\213\301\155\101\172\013}{chapter.16}% 92
\BOOKMARK [-1][-]{part.4}{\376\377\173\054\126\333\220\350\122\006\000\040\116\316\133\146\116\140\145\271\137\017\167\013\145\160\143\156\146\172\200\375\127\072\146\157}{}% 93
\BOOKMARK [0][-]{chapter.17}{\376\377\230\204\213\255\176\303\377\032\147\204\136\372\123\357\131\015\165\050\166\204\145\160\143\156\210\150\171\072}{part.4}% 94
\BOOKMARK [1][-]{section.17.1}{\376\377\230\204\213\255\176\303\133\146\122\060\116\206\116\300\116\110}{chapter.17}% 95
\BOOKMARK [1][-]{section.17.2}{\376\377\166\321\167\143\230\204\213\255\176\303\116\016\221\315\136\372\137\017\166\356\150\007}{chapter.17}% 96
\BOOKMARK [1][-]{section.17.3}{\376\377\133\371\153\324\133\146\116\140\377\032\124\352\116\233\150\067\147\054\136\224\137\123\143\245\217\321}{chapter.17}% 97
\BOOKMARK [1][-]{section.17.4}{\376\377\145\340\215\037\150\067\147\054\133\146\116\140\116\016\210\150\171\072\127\115\177\051}{chapter.17}% 98
\BOOKMARK [1][-]{section.17.5}{\376\377\145\160\143\156\176\304\176\307\116\016\230\206\127\337\176\347\176\355\230\204\213\255\176\303}{chapter.17}% 99
\BOOKMARK [1][-]{section.17.6}{\376\377\135\345\116\032\143\057\122\250\117\341\123\367\166\204\133\214\145\164\133\146\116\140\116\373\122\241\213\276\177\156}{chapter.17}% 100
\BOOKMARK [0][-]{chapter.18}{\376\377\217\301\171\373\133\146\116\140}{part.4}% 101
\BOOKMARK [1][-]{section.18.1}{\376\377\156\220\127\337\167\345\213\306\116\016\166\356\150\007\127\337\230\316\226\151}{chapter.18}% 102
\BOOKMARK [1][-]{section.18.2}{\376\377\133\236\117\213\221\315\122\240\147\103\116\016\122\006\136\003\133\371\237\120}{chapter.18}% 103
\BOOKMARK [1][-]{section.18.3}{\376\377\230\204\213\255\176\303\060\001\137\256\214\003\116\016\123\302\145\160\232\330\145\110\220\002\221\115}{chapter.18}% 104
\BOOKMARK [1][-]{section.18.4}{\376\377\155\113\213\325\145\366\220\002\221\115\116\016\215\037\217\301\171\373}{chapter.18}% 105
\BOOKMARK [0][-]{chapter.19}{\376\377\143\001\176\355\133\146\116\140}{part.4}% 106
\BOOKMARK [1][-]{section.19.1}{\376\377\145\160\143\156\155\101\060\001\116\373\122\241\217\271\165\114\116\016\220\127\137\330}{chapter.19}% 107
\BOOKMARK [1][-]{section.19.2}{\376\377\176\317\232\214\126\336\145\076\116\016\150\257\136\246\176\246\147\137}{chapter.19}% 108
\BOOKMARK [1][-]{section.19.3}{\376\377\123\302\145\160\221\315\211\201\140\047\116\016\167\345\213\306\204\270\231\217}{chapter.19}% 109
\BOOKMARK [1][-]{section.19.4}{\376\377\123\302\145\160\226\224\171\273\060\001\142\151\134\125\116\016\155\367\124\010\173\126\165\145}{chapter.19}% 110
\BOOKMARK [1][-]{section.19.5}{\376\377\213\304\116\367\167\351\226\065\116\016\135\345\116\032\146\364\145\260\211\304\122\031}{chapter.19}% 111
\BOOKMARK [0][-]{chapter.20}{\376\377\116\073\122\250\133\146\116\140}{part.4}% 112
\BOOKMARK [1][-]{section.20.1}{\376\377\147\345\213\342\211\304\122\031\116\016\150\007\154\350\230\204\173\227}{chapter.20}% 113
\BOOKMARK [1][-]{section.20.2}{\376\377\116\015\170\156\133\232\140\047\060\001\131\324\124\130\117\032\116\016\215\035\123\366\145\257\147\345\213\342}{chapter.20}% 114
\BOOKMARK [1][-]{section.20.3}{\376\377\230\204\147\037\230\316\226\151\060\001\150\257\136\246\123\330\123\026\116\016\131\032\150\067\140\047}{chapter.20}% 115
\BOOKMARK [1][-]{section.20.4}{\376\377\142\020\147\054\060\001\126\152\130\360\116\016\135\345\116\032\155\101\137\017\123\330\117\123}{chapter.20}% 116
\BOOKMARK [1][-]{section.20.5}{\376\377\173\227\154\325\155\101\172\013\116\016\232\214\145\066}{chapter.20}% 117
\BOOKMARK [0][-]{chapter.21}{\376\377\200\124\220\246\133\146\116\140}{part.4}% 118
\BOOKMARK [1][-]{section.21.1}{\376\377\225\356\230\230\133\232\116\111}{chapter.21}% 119
\BOOKMARK [1][-]{section.21.2}{\376\377\200\124\220\246\117\030\123\026\060\001\226\220\171\301\116\016\174\373\176\337\176\246\147\137}{chapter.21}% 120
\BOOKMARK [1][-]{section.21.3}{\376\377\200\124\220\246\213\312\145\255\150\110\117\213\116\016\232\214\145\066}{chapter.21}% 121
\BOOKMARK [0][-]{chapter.22}{\376\377\155\101\137\142\133\146\116\140}{part.4}% 122
\BOOKMARK [1][-]{section.22.1}{\376\377\121\340\117\125\120\107\213\276\116\016\220\273\127\337\147\204\220\040}{chapter.22}% 123
\BOOKMARK [1][-]{section.22.2}{\376\377\176\277\140\047\127\372\176\277\116\016\155\113\127\060\215\335\171\273}{chapter.22}% 124
\BOOKMARK [1][-]{section.22.3}{\376\377\134\100\220\350\221\315\147\204\116\016\214\061\135\114\121\145}{chapter.22}% 125
\BOOKMARK [1][-]{section.22.4}{\376\377\151\202\163\207\220\273\127\337\123\357\211\306\123\026}{chapter.22}% 126
\BOOKMARK [1][-]{section.22.5}{\376\377\155\101\137\142\153\143\122\031\116\016\135\345\116\032\232\214\213\301}{chapter.22}% 127
\BOOKMARK [0][-]{chapter.23}{\376\377\121\103\133\146\116\140}{part.4}% 128
\BOOKMARK [1][-]{section.23.1}{\376\377\116\373\122\241\122\006\136\003\116\016\123\314\134\102\166\356\150\007}{chapter.23}% 129
\BOOKMARK [1][-]{section.23.2}{\376\377\136\246\221\317\116\016\121\163\174\373\145\271\154\325}{chapter.23}% 130
\BOOKMARK [1][-]{section.23.3}{\376\377\150\257\136\246\122\035\131\313\123\026\116\016\116\000\226\066\123\330\117\123}{chapter.23}% 131
\BOOKMARK [1][-]{section.23.4}{\376\377\133\146\116\140\146\364\145\260\211\304\122\031\116\016\151\202\163\207\220\002\136\224}{chapter.23}% 132
\BOOKMARK [1][-]{section.23.5}{\376\377\215\350\213\276\131\007\137\353\220\037\220\002\136\224\166\204\133\214\145\164\213\276\177\156}{chapter.23}% 133
